// Jest Snapshot v1, https://goo.gl/fbAQLP

exports[`ActionDecorator renders 1`] = `<div />`;
