// Jest Snapshot v1, https://goo.gl/fbAQLP

exports[`AddToSlackOverlay renders 1`] = `
<div>
  <div
    class="add-to-slack-overlay"
  >
    <div
      class="welcome heading-1"
    >
      welcome
    </div>
    <div>
      <img
        alt="Add to Slack"
        height="40"
        src="https://platform.slack-edge.com/img/add_to_slack.png"
        srcset="https://platform.slack-edge.com/img/add_to_slack.png 1x, https://platform.slack-edge.com/img/add_to_slack@2x.png 2x"
        width="139"
      />
    </div>
    <div>
      Â 
    </div>
  </div>
</div>
`;
