// Jest Snapshot v1, https://goo.gl/fbAQLP

exports[`SingleTokenDisplay renders 1`] = `<div />`;
