// Jest Snapshot v1, https://goo.gl/fbAQLP

exports[`Suggestion renders 1`] = `<div />`;
