// Jest Snapshot v1, https://goo.gl/fbAQLP

exports[`TransactionInputArea renders 1`] = `
<div>
  <div
    class="top-wrapper"
    style="height: 104px;"
  >
    <div
      class="transaction-input-area heading-1"
    >
      <div
        class="logo"
      >
        <svg
          height="38"
          viewBox="0 0 38 38"
          width="38"
          xmlns="http://www.w3.org/2000/svg"
        >
          <g
            fill="none"
            fill-rule="evenodd"
          >
            <circle
              cx="19"
              cy="19"
              fill="#262F5E"
              r="19"
            />
            <path
              d="M19,26 C23.418278,26 27.418278,23.8333333 31,19.5 C27.418278,15.1666667 23.418278,13 19,13 C14.581722,13 10.581722,15.1666667 7,19.5 C10.581722,23.8333333 14.581722,26 19,26 Z"
              fill="#FFF"
            />
            <circle
              cx="20.5"
              cy="20.211498973305954"
              fill="#262F5E"
              r="4.5"
            />
          </g>
        </svg>
      </div>
      <div
        class="show-container"
      >
        <div
          class="show-me-your-money"
        />
      </div>
    </div>
  </div>
</div>
`;
