// Jest Snapshot v1, https://goo.gl/fbAQLP

exports[`WithDecorations renders 1`] = `<div />`;
