// Jest Snapshot v1, https://goo.gl/fbAQLP

exports[`WordPresenter renders 1`] = `<div />`;
