// Jest Snapshot v1, https://goo.gl/fbAQLP

exports[`can be created 1`] = `
Object {
  "date": 1556447289344,
  "description": "",
  "value": 0,
}
`;
