// Jest Snapshot v1, https://goo.gl/fbAQLP

exports[`can be created 1`] = `
Object {
  "avatar": undefined,
  "dmChannel": undefined,
  "id": "abc",
  "name": undefined,
  "real_name": undefined,
  "transactions": Array [],
}
`;
