// Jest Snapshot v1, https://goo.gl/fbAQLP

exports[`EmptyWordDisplay renders 1`] = `<div />`;
