// Jest Snapshot v1, https://goo.gl/fbAQLP

exports[`NameTokenDisplay renders 1`] = `<div />`;
