// Jest Snapshot v1, https://goo.gl/fbAQLP

exports[`Other renders 1`] = `<div />`;
