// Jest Snapshot v1, https://goo.gl/fbAQLP

exports[`WordDisplay renders 1`] = `<div />`;
